// Jest Snapshot v1, https://goo.gl/fbAQLP

exports[`Pruebas en <JournalEntry /> debe de mostrarse correctamente 1`] = `ReactWrapper {}`;

exports[`Test in <JournalEntry /> Should show 1`] = `ReactWrapper {}`;
